// Jest Snapshot v1, https://goo.gl/fbAQLP

exports[`<Card /> initial snapshot 1`] = `
<div
  className="Card"
>
  <button
    type="button"
  >
     delete 
  </button>
  <h3 />
  <p />
</div>
`;
